[    1403ms] [INFO] 
    _____
 ___ |[]|_n__n_I_c
|___||__|###|____}
 O-O--O-O+++--O-O
****************************************
*                                      *
*           Enjoying Railway?          *
*                                      *
*         Want to ride with us?        *
*                                      *
*              Hop aboard,             *
*   the train is leaving the station!  *
*                                      *
*      https://railway.com/careers     *
*                                      *
****************************************
 @ https://railway.com/assets/main-3MxhUisG.js:64
[    1403ms] [INFO] 
    _____
 ___ |[]|_n__n_I_c
|___||__|###|____}
 O-O--O-O+++--O-O
****************************************
*                                      *
*           Enjoying Railway?          *
*                                      *
*         Want to ride with us?        *
*                                      *
*              Hop aboard,             *
*   the train is leaving the station!  *
*                                      *
*      https://railway.com/careers     *
*                                      *
****************************************
 @ https://railway.com/assets/main-3MxhUisG.js:102
[   12486ms] [WARNING] The resource https://fonts.gstatic.com/s/ibmplexserif/v20/jizAREVNn1dOx-zrZ2X3pZvkTi3s-CI0q1s.woff2 was preloaded using link preload but not used within a few seconds from the window's load event. Please make sure it has an appropriate `as` value and it is preloaded intentionally. @ https://railway.com/project/647698c5-4007-42e8-8477-0bba00c8b655/service/95d33bc4-fa6d-456e-b6be-8d3374a7b840?environmentId=860a166a-1bed-4229-8341-079c4bb36e19:0
[   36295ms] [WARNING] The resource https://fonts.gstatic.com/s/ibmplexserif/v20/jizAREVNn1dOx-zrZ2X3pZvkTi3s-CI0q1s.woff2 was preloaded using link preload but not used within a few seconds from the window's load event. Please make sure it has an appropriate `as` value and it is preloaded intentionally. @ https://railway.com/project/647698c5-4007-42e8-8477-0bba00c8b655/service/95d33bc4-fa6d-456e-b6be-8d3374a7b840?environmentId=860a166a-1bed-4229-8341-079c4bb36e19:0
[   68171ms] [WARNING] The resource https://fonts.gstatic.com/s/ibmplexserif/v20/jizAREVNn1dOx-zrZ2X3pZvkTi3s-CI0q1s.woff2 was preloaded using link preload but not used within a few seconds from the window's load event. Please make sure it has an appropriate `as` value and it is preloaded intentionally. @ https://railway.com/project/647698c5-4007-42e8-8477-0bba00c8b655/service/95d33bc4-fa6d-456e-b6be-8d3374a7b840?environmentId=860a166a-1bed-4229-8341-079c4bb36e19:0
[  207314ms] [WARNING] The resource https://fonts.gstatic.com/s/ibmplexserif/v20/jizAREVNn1dOx-zrZ2X3pZvkTi3s-CI0q1s.woff2 was preloaded using link preload but not used within a few seconds from the window's load event. Please make sure it has an appropriate `as` value and it is preloaded intentionally. @ https://railway.com/project/647698c5-4007-42e8-8477-0bba00c8b655/service/95d33bc4-fa6d-456e-b6be-8d3374a7b840?environmentId=860a166a-1bed-4229-8341-079c4bb36e19:0
